// Vitest Snapshot v1, https://vitest.dev/guide/snapshot.html

exports[`QRCodeSVG > _buildSVG > should build empty svg with background 1`] =
  `"<svg xmlns=\\"http://www.w3.org/2000/svg\\" xmlns:xlink=\\"http://www.w3.org/1999/xlink\\" version=\\"1.1\\" shape-rendering=\\"crispEdges\\" viewBox=\\"0 0 42 42\\" ><rect x=\\"0\\" y=\\"0\\" height=\\"42\\" width=\\"42\\" fill=\\"red\\"/></svg>"`;

exports[`QRCodeSVG > _buildSVG > should build empty svg without background 1`] =
  `"<svg xmlns=\\"http://www.w3.org/2000/svg\\" xmlns:xlink=\\"http://www.w3.org/1999/xlink\\" version=\\"1.1\\" shape-rendering=\\"crispEdges\\" viewBox=\\"0 0 42 42\\" ></svg>"`;

exports[`QRCodeSVG > _buildSVG > should build svg by rects 1`] =
  `"<svg xmlns=\\"http://www.w3.org/2000/svg\\" xmlns:xlink=\\"http://www.w3.org/1999/xlink\\" version=\\"1.1\\" shape-rendering=\\"crispEdges\\" viewBox=\\"0 0 42 42\\" ><rect x=\\"0\\" y=\\"0\\" height=\\"42\\" width=\\"42\\" fill=\\"#FFF\\"/><rect x=\\"1\\" y=\\"1\\" height=\\"1\\" width=\\"7\\" fill=\\"#000\\"/><rect x=\\"9\\" y=\\"1\\" height=\\"1\\" width=\\"2\\" fill=\\"#000\\"/><rect x=\\"13\\" y=\\"1\\" height=\\"3\\" width=\\"1\\" fill=\\"#000\\"/><rect x=\\"15\\" y=\\"1\\" height=\\"1\\" width=\\"7\\" fill=\\"#000\\"/><rect x=\\"1\\" y=\\"2\\" height=\\"6\\" width=\\"1\\" fill=\\"#000\\"/><rect x=\\"7\\" y=\\"2\\" height=\\"6\\" width=\\"1\\" fill=\\"#000\\"/><rect x=\\"10\\" y=\\"2\\" height=\\"1\\" width=\\"1\\" fill=\\"#000\\"/><rect x=\\"15\\" y=\\"2\\" height=\\"6\\" width=\\"1\\" fill=\\"#000\\"/><rect x=\\"21\\" y=\\"2\\" height=\\"6\\" width=\\"1\\" fill=\\"#000\\"/><rect x=\\"3\\" y=\\"3\\" height=\\"3\\" width=\\"3\\" fill=\\"#000\\"/><rect x=\\"9\\" y=\\"3\\" height=\\"3\\" width=\\"1\\" fill=\\"#000\\"/><rect x=\\"11\\" y=\\"3\\" height=\\"1\\" width=\\"1\\" fill=\\"#000\\"/><rect x=\\"17\\" y=\\"3\\" height=\\"3\\" width=\\"3\\" fill=\\"#000\\"/><rect x=\\"12\\" y=\\"4\\" height=\\"1\\" width=\\"1\\" fill=\\"#000\\"/><rect x=\\"9\\" y=\\"5\\" height=\\"1\\" width=\\"3\\" fill=\\"#000\\"/><rect x=\\"1\\" y=\\"7\\" height=\\"1\\" width=\\"7\\" fill=\\"#000\\"/><rect x=\\"9\\" y=\\"7\\" height=\\"1\\" width=\\"1\\" fill=\\"#000\\"/><rect x=\\"11\\" y=\\"7\\" height=\\"9\\" width=\\"1\\" fill=\\"#000\\"/><rect x=\\"13\\" y=\\"7\\" height=\\"1\\" width=\\"1\\" fill=\\"#000\\"/><rect x=\\"15\\" y=\\"7\\" height=\\"1\\" width=\\"7\\" fill=\\"#000\\"/><rect x=\\"10\\" y=\\"8\\" height=\\"1\\" width=\\"2\\" fill=\\"#000\\"/><rect x=\\"1\\" y=\\"9\\" height=\\"1\\" width=\\"4\\" fill=\\"#000\\"/><rect x=\\"7\\" y=\\"9\\" height=\\"1\\" width=\\"1\\" fill=\\"#000\\"/><rect x=\\"9\\" y=\\"9\\" height=\\"1\\" width=\\"1\\" fill=\\"#000\\"/><rect x=\\"14\\" y=\\"9\\" height=\\"1\\" width=\\"1\\" fill=\\"#000\\"/><rect x=\\"17\\" y=\\"9\\" height=\\"1\\" width=\\"3\\" fill=\\"#000\\"/><rect x=\\"21\\" y=\\"9\\" height=\\"3\\" width=\\"1\\" fill=\\"#000\\"/><rect x=\\"1\\" y=\\"10\\" height=\\"3\\" width=\\"1\\" fill=\\"#000\\"/><rect x=\\"4\\" y=\\"10\\" height=\\"1\\" width=\\"3\\" fill=\\"#000\\"/><rect x=\\"8\\" y=\\"10\\" height=\\"1\\" width=\\"1\\" fill=\\"#000\\"/><rect x=\\"13\\" y=\\"10\\" height=\\"3\\" width=\\"1\\" fill=\\"#000\\"/><rect x=\\"16\\" y=\\"10\\" height=\\"2\\" width=\\"1\\" fill=\\"#000\\"/><rect x=\\"18\\" y=\\"10\\" height=\\"1\\" width=\\"2\\" fill=\\"#000\\"/><rect x=\\"3\\" y=\\"11\\" height=\\"3\\" width=\\"1\\" fill=\\"#000\\"/><rect x=\\"5\\" y=\\"11\\" height=\\"1\\" width=\\"3\\" fill=\\"#000\\"/><rect x=\\"13\\" y=\\"11\\" height=\\"1\\" width=\\"5\\" fill=\\"#000\\"/><rect x=\\"20\\" y=\\"11\\" height=\\"1\\" width=\\"2\\" fill=\\"#000\\"/><rect x=\\"3\\" y=\\"12\\" height=\\"1\\" width=\\"2\\" fill=\\"#000\\"/><rect x=\\"8\\" y=\\"12\\" height=\\"1\\" width=\\"2\\" fill=\\"#000\\"/><rect x=\\"13\\" y=\\"12\\" height=\\"1\\" width=\\"2\\" fill=\\"#000\\"/><rect x=\\"18\\" y=\\"12\\" height=\\"5\\" width=\\"1\\" fill=\\"#000\\"/><rect x=\\"20\\" y=\\"12\\" height=\\"3\\" width=\\"1\\" fill=\\"#000\\"/><rect x=\\"2\\" y=\\"13\\" height=\\"1\\" width=\\"2\\" fill=\\"#000\\"/><rect x=\\"5\\" y=\\"13\\" height=\\"1\\" width=\\"1\\" fill=\\"#000\\"/><rect x=\\"7\\" y=\\"13\\" height=\\"1\\" width=\\"1\\" fill=\\"#000\\"/><rect x=\\"10\\" y=\\"13\\" height=\\"1\\" width=\\"3\\" fill=\\"#000\\"/><rect x=\\"14\\" y=\\"13\\" height=\\"4\\" width=\\"1\\" fill=\\"#000\\"/><rect x=\\"17\\" y=\\"13\\" height=\\"1\\" width=\\"2\\" fill=\\"#000\\"/><rect x=\\"9\\" y=\\"14\\" height=\\"1\\" width=\\"1\\" fill=\\"#000\\"/><rect x=\\"16\\" y=\\"14\\" height=\\"1\\" width=\\"1\\" fill=\\"#000\\"/><rect x=\\"1\\" y=\\"15\\" height=\\"1\\" width=\\"7\\" fill=\\"#000\\"/><rect x=\\"14\\" y=\\"15\\" height=\\"2\\" width=\\"2\\" fill=\\"#000\\"/><rect x=\\"17\\" y=\\"15\\" height=\\"1\\" width=\\"3\\" fill=\\"#000\\"/><rect x=\\"1\\" y=\\"16\\" height=\\"6\\" width=\\"1\\" fill=\\"#000\\"/><rect x=\\"7\\" y=\\"16\\" height=\\"6\\" width=\\"1\\" fill=\\"#000\\"/><rect x=\\"10\\" y=\\"16\\" height=\\"3\\" width=\\"1\\" fill=\\"#000\\"/><rect x=\\"12\\" y=\\"16\\" height=\\"1\\" width=\\"4\\" fill=\\"#000\\"/><rect x=\\"18\\" y=\\"16\\" height=\\"1\\" width=\\"2\\" fill=\\"#000\\"/><rect x=\\"3\\" y=\\"17\\" height=\\"3\\" width=\\"3\\" fill=\\"#000\\"/><rect x=\\"10\\" y=\\"17\\" height=\\"1\\" width=\\"3\\" fill=\\"#000\\"/><rect x=\\"15\\" y=\\"17\\" height=\\"1\\" width=\\"1\\" fill=\\"#000\\"/><rect x=\\"19\\" y=\\"17\\" height=\\"1\\" width=\\"3\\" fill=\\"#000\\"/><rect x=\\"9\\" y=\\"18\\" height=\\"1\\" width=\\"2\\" fill=\\"#000\\"/><rect x=\\"14\\" y=\\"18\\" height=\\"2\\" width=\\"1\\" fill=\\"#000\\"/><rect x=\\"17\\" y=\\"18\\" height=\\"1\\" width=\\"2\\" fill=\\"#000\\"/><rect x=\\"20\\" y=\\"18\\" height=\\"1\\" width=\\"1\\" fill=\\"#000\\"/><rect x=\\"9\\" y=\\"19\\" height=\\"3\\" width=\\"1\\" fill=\\"#000\\"/><rect x=\\"11\\" y=\\"19\\" height=\\"2\\" width=\\"2\\" fill=\\"#000\\"/><rect x=\\"17\\" y=\\"19\\" height=\\"2\\" width=\\"1\\" fill=\\"#000\\"/><rect x=\\"19\\" y=\\"19\\" height=\\"1\\" width=\\"1\\" fill=\\"#000\\"/><rect x=\\"9\\" y=\\"20\\" height=\\"1\\" width=\\"5\\" fill=\\"#000\\"/><rect x=\\"15\\" y=\\"20\\" height=\\"1\\" width=\\"1\\" fill=\\"#000\\"/><rect x=\\"17\\" y=\\"20\\" height=\\"1\\" width=\\"2\\" fill=\\"#000\\"/><rect x=\\"21\\" y=\\"20\\" height=\\"1\\" width=\\"1\\" fill=\\"#000\\"/><rect x=\\"1\\" y=\\"21\\" height=\\"1\\" width=\\"7\\" fill=\\"#000\\"/><rect x=\\"9\\" y=\\"21\\" height=\\"1\\" width=\\"2\\" fill=\\"#000\\"/><rect x=\\"12\\" y=\\"21\\" height=\\"1\\" width=\\"2\\" fill=\\"#000\\"/><rect x=\\"16\\" y=\\"21\\" height=\\"1\\" width=\\"1\\" fill=\\"#000\\"/></svg>"`;

exports[`QRCodeSVG > _buildSVG > should build svg by relative rects 1`] =
  `"<svg xmlns=\\"http://www.w3.org/2000/svg\\" xmlns:xlink=\\"http://www.w3.org/1999/xlink\\" version=\\"1.1\\" shape-rendering=\\"crispEdges\\" viewBox=\\"0 0 42 42\\" ><rect x=\\"0\\" y=\\"0\\" height=\\"42\\" width=\\"42\\" fill=\\"#FFF\\"/><rect id=\\"i0\\" x=\\"1\\" y=\\"1\\" height=\\"1\\" width=\\"7\\" fill=\\"#000\\"/><rect id=\\"i5\\" x=\\"9\\" y=\\"1\\" height=\\"1\\" width=\\"2\\" fill=\\"#000\\"/><rect id=\\"i2\\" x=\\"13\\" y=\\"1\\" height=\\"3\\" width=\\"1\\" fill=\\"#000\\"/><use xlink:href=\\"#i0\\" x=\\"14\\" y=\\"0\\"/><rect id=\\"i1\\" x=\\"1\\" y=\\"2\\" height=\\"6\\" width=\\"1\\" fill=\\"#000\\"/><use xlink:href=\\"#i1\\" x=\\"6\\" y=\\"0\\"/><rect id=\\"i3\\" x=\\"10\\" y=\\"2\\" height=\\"1\\" width=\\"1\\" fill=\\"#000\\"/><use xlink:href=\\"#i1\\" x=\\"14\\" y=\\"0\\"/><use xlink:href=\\"#i1\\" x=\\"20\\" y=\\"0\\"/><rect id=\\"i4\\" x=\\"3\\" y=\\"3\\" height=\\"3\\" width=\\"3\\" fill=\\"#000\\"/><use xlink:href=\\"#i2\\" x=\\"-4\\" y=\\"2\\"/><use xlink:href=\\"#i3\\" x=\\"1\\" y=\\"1\\"/><use xlink:href=\\"#i4\\" x=\\"14\\" y=\\"0\\"/><use xlink:href=\\"#i3\\" x=\\"2\\" y=\\"2\\"/><rect id=\\"i6\\" x=\\"9\\" y=\\"5\\" height=\\"1\\" width=\\"3\\" fill=\\"#000\\"/><use xlink:href=\\"#i0\\" x=\\"0\\" y=\\"6\\"/><use xlink:href=\\"#i3\\" x=\\"-1\\" y=\\"5\\"/><rect x=\\"11\\" y=\\"7\\" height=\\"9\\" width=\\"1\\" fill=\\"#000\\"/><use xlink:href=\\"#i3\\" x=\\"3\\" y=\\"5\\"/><use xlink:href=\\"#i0\\" x=\\"14\\" y=\\"6\\"/><use xlink:href=\\"#i5\\" x=\\"1\\" y=\\"7\\"/><rect id=\\"i7\\" x=\\"1\\" y=\\"9\\" height=\\"1\\" width=\\"4\\" fill=\\"#000\\"/><use xlink:href=\\"#i3\\" x=\\"-3\\" y=\\"7\\"/><use xlink:href=\\"#i3\\" x=\\"-1\\" y=\\"7\\"/><use xlink:href=\\"#i3\\" x=\\"4\\" y=\\"7\\"/><use xlink:href=\\"#i6\\" x=\\"8\\" y=\\"4\\"/><use xlink:href=\\"#i2\\" x=\\"8\\" y=\\"8\\"/><use xlink:href=\\"#i2\\" x=\\"-12\\" y=\\"9\\"/><use xlink:href=\\"#i6\\" x=\\"-5\\" y=\\"5\\"/><use xlink:href=\\"#i3\\" x=\\"-2\\" y=\\"8\\"/><use xlink:href=\\"#i2\\" x=\\"0\\" y=\\"9\\"/><rect id=\\"i8\\" x=\\"16\\" y=\\"10\\" height=\\"2\\" width=\\"1\\" fill=\\"#000\\"/><use xlink:href=\\"#i5\\" x=\\"9\\" y=\\"9\\"/><use xlink:href=\\"#i2\\" x=\\"-10\\" y=\\"10\\"/><use xlink:href=\\"#i6\\" x=\\"-4\\" y=\\"6\\"/><rect id=\\"ia\\" x=\\"13\\" y=\\"11\\" height=\\"1\\" width=\\"5\\" fill=\\"#000\\"/><use xlink:href=\\"#i5\\" x=\\"11\\" y=\\"10\\"/><use xlink:href=\\"#i5\\" x=\\"-6\\" y=\\"11\\"/><use xlink:href=\\"#i5\\" x=\\"-1\\" y=\\"11\\"/><use xlink:href=\\"#i5\\" x=\\"4\\" y=\\"11\\"/><rect x=\\"18\\" y=\\"12\\" height=\\"5\\" width=\\"1\\" fill=\\"#000\\"/><use xlink:href=\\"#i2\\" x=\\"7\\" y=\\"11\\"/><use xlink:href=\\"#i5\\" x=\\"-7\\" y=\\"12\\"/><use xlink:href=\\"#i3\\" x=\\"-5\\" y=\\"11\\"/><use xlink:href=\\"#i3\\" x=\\"-3\\" y=\\"11\\"/><use xlink:href=\\"#i6\\" x=\\"1\\" y=\\"8\\"/><rect x=\\"14\\" y=\\"13\\" height=\\"4\\" width=\\"1\\" fill=\\"#000\\"/><use xlink:href=\\"#i5\\" x=\\"8\\" y=\\"12\\"/><use xlink:href=\\"#i3\\" x=\\"-1\\" y=\\"12\\"/><use xlink:href=\\"#i3\\" x=\\"6\\" y=\\"12\\"/><use xlink:href=\\"#i0\\" x=\\"0\\" y=\\"14\\"/><rect id=\\"i9\\" x=\\"14\\" y=\\"15\\" height=\\"2\\" width=\\"2\\" fill=\\"#000\\"/><use xlink:href=\\"#i6\\" x=\\"8\\" y=\\"10\\"/><use xlink:href=\\"#i1\\" x=\\"0\\" y=\\"14\\"/><use xlink:href=\\"#i1\\" x=\\"6\\" y=\\"14\\"/><use xlink:href=\\"#i2\\" x=\\"-3\\" y=\\"15\\"/><use xlink:href=\\"#i7\\" x=\\"11\\" y=\\"7\\"/><use xlink:href=\\"#i5\\" x=\\"9\\" y=\\"15\\"/><use xlink:href=\\"#i4\\" x=\\"0\\" y=\\"14\\"/><use xlink:href=\\"#i6\\" x=\\"1\\" y=\\"12\\"/><use xlink:href=\\"#i3\\" x=\\"5\\" y=\\"15\\"/><use xlink:href=\\"#i6\\" x=\\"10\\" y=\\"12\\"/><use xlink:href=\\"#i5\\" x=\\"0\\" y=\\"17\\"/><use xlink:href=\\"#i8\\" x=\\"-2\\" y=\\"8\\"/><use xlink:href=\\"#i5\\" x=\\"8\\" y=\\"17\\"/><use xlink:href=\\"#i3\\" x=\\"10\\" y=\\"16\\"/><use xlink:href=\\"#i2\\" x=\\"-4\\" y=\\"18\\"/><use xlink:href=\\"#i9\\" x=\\"-3\\" y=\\"4\\"/><use xlink:href=\\"#i8\\" x=\\"1\\" y=\\"9\\"/><use xlink:href=\\"#i3\\" x=\\"9\\" y=\\"17\\"/><use xlink:href=\\"#ia\\" x=\\"-4\\" y=\\"9\\"/><use xlink:href=\\"#i3\\" x=\\"5\\" y=\\"18\\"/><use xlink:href=\\"#i5\\" x=\\"8\\" y=\\"19\\"/><use xlink:href=\\"#i3\\" x=\\"11\\" y=\\"18\\"/><use xlink:href=\\"#i0\\" x=\\"0\\" y=\\"20\\"/><use xlink:href=\\"#i5\\" x=\\"0\\" y=\\"20\\"/><use xlink:href=\\"#i5\\" x=\\"3\\" y=\\"20\\"/><use xlink:href=\\"#i3\\" x=\\"6\\" y=\\"19\\"/></svg>"`;

exports[`QRCodeSVG > _buildSVG > should draw image if it is provided 1`] =
  `"<svg xmlns=\\"http://www.w3.org/2000/svg\\" xmlns:xlink=\\"http://www.w3.org/1999/xlink\\" version=\\"1.1\\" shape-rendering=\\"crispEdges\\" viewBox=\\"0 0 42 42\\" ><rect x=\\"0\\" y=\\"0\\" height=\\"42\\" width=\\"42\\" fill=\\"#FFF\\"/><rect id=\\"i0\\" x=\\"1\\" y=\\"1\\" height=\\"1\\" width=\\"7\\" fill=\\"#000\\"/><rect id=\\"i5\\" x=\\"9\\" y=\\"1\\" height=\\"1\\" width=\\"2\\" fill=\\"#000\\"/><image xlink:href=\\"https://some-url.com/test.png\\" x=\\"19\\" y=\\"21\\" width=\\"4\\" height=\\"20\\"/></svg>"`;

exports[
  `QRCodeSVG > toDataUrl > should create QR code and return data source 1`
] =
  `"data:image/svg+xml;base64,PHN2ZyB4bWxucz0iaHR0cDovL3d3dy53My5vcmcvMjAwMC9zdmciIHhtbG5zOnhsaW5rPSJodHRwOi8vd3d3LnczLm9yZy8xOTk5L3hsaW5rIiB2ZXJzaW9uPSIxLjEiIHNoYXBlLXJlbmRlcmluZz0iY3Jpc3BFZGdlcyIgdmlld0JveD0iMCAwIDIzIDIzIiA+PHJlY3QgeD0iMCIgeT0iMCIgaGVpZ2h0PSIyMyIgd2lkdGg9IjIzIiBmaWxsPSIjREREIi8+PHJlY3QgaWQ9ImkwIiB4PSIxIiB5PSIxIiBoZWlnaHQ9IjEiIHdpZHRoPSI3IiBmaWxsPSIjMjIyIi8+PHJlY3QgaWQ9Imk1IiB4PSI5IiB5PSIxIiBoZWlnaHQ9IjEiIHdpZHRoPSIyIiBmaWxsPSIjMjIyIi8+PHJlY3QgaWQ9ImkyIiB4PSIxMyIgeT0iMSIgaGVpZ2h0PSIzIiB3aWR0aD0iMSIgZmlsbD0iIzIyMiIvPjx1c2UgeGxpbms6aHJlZj0iI2kwIiB4PSIxNCIgeT0iMCIvPjxyZWN0IGlkPSJpMSIgeD0iMSIgeT0iMiIgaGVpZ2h0PSI2IiB3aWR0aD0iMSIgZmlsbD0iIzIyMiIvPjx1c2UgeGxpbms6aHJlZj0iI2kxIiB4PSI2IiB5PSIwIi8+PHJlY3QgaWQ9ImkzIiB4PSIxMCIgeT0iMiIgaGVpZ2h0PSIxIiB3aWR0aD0iMSIgZmlsbD0iIzIyMiIvPjx1c2UgeGxpbms6aHJlZj0iI2kxIiB4PSIxNCIgeT0iMCIvPjx1c2UgeGxpbms6aHJlZj0iI2kxIiB4PSIyMCIgeT0iMCIvPjxyZWN0IGlkPSJpNCIgeD0iMyIgeT0iMyIgaGVpZ2h0PSIzIiB3aWR0aD0iMyIgZmlsbD0iIzIyMiIvPjx1c2UgeGxpbms6aHJlZj0iI2kyIiB4PSItNCIgeT0iMiIvPjx1c2UgeGxpbms6aHJlZj0iI2kzIiB4PSIxIiB5PSIxIi8+PHVzZSB4bGluazpocmVmPSIjaTQiIHg9IjE0IiB5PSIwIi8+PHVzZSB4bGluazpocmVmPSIjaTMiIHg9IjIiIHk9IjIiLz48dXNlIHhsaW5rOmhyZWY9IiNpNSIgeD0iMSIgeT0iNCIvPjxyZWN0IGlkPSJpNiIgeD0iMiIgeT0iNyIgaGVpZ2h0PSIxIiB3aWR0aD0iNSIgZmlsbD0iIzIyMiIvPjx1c2UgeGxpbms6aHJlZj0iI2kzIiB4PSItMSIgeT0iNSIvPjxyZWN0IHg9IjExIiB5PSI3IiBoZWlnaHQ9IjkiIHdpZHRoPSIxIiBmaWxsPSIjMjIyIi8+PHVzZSB4bGluazpocmVmPSIjaTMiIHg9IjMiIHk9IjUiLz48dXNlIHhsaW5rOmhyZWY9IiNpNiIgeD0iMTQiIHk9IjAiLz48dXNlIHhsaW5rOmhyZWY9IiNpMyIgeD0iMCIgeT0iNiIvPjxyZWN0IHg9IjEiIHk9IjkiIGhlaWdodD0iMSIgd2lkdGg9IjQiIGZpbGw9IiMyMjIiLz48dXNlIHhsaW5rOmhyZWY9IiNpMyIgeD0iLTMiIHk9IjciLz48dXNlIHhsaW5rOmhyZWY9IiNpMyIgeD0iLTEiIHk9IjciLz48dXNlIHhsaW5rOmhyZWY9IiNpMyIgeD0iNCIgeT0iNyIvPjxyZWN0IGlkPSJpNyIgeD0iMTciIHk9IjkiIGhlaWdodD0iMSIgd2lkdGg9IjMiIGZpbGw9IiMyMjIiLz48dXNlIHhsaW5rOmhyZWY9IiNpMiIgeD0iOCIgeT0iOCIvPjx1c2UgeGxpbms6aHJlZj0iI2kyIiB4PSItMTIiIHk9IjkiLz48dXNlIHhsaW5rOmhyZWY9IiNpNyIgeD0iLTEzIiB5PSIxIi8+PHVzZSB4bGluazpocmVmPSIjaTMiIHg9Ii0yIiB5PSI4Ii8+PHVzZSB4bGluazpocmVmPSIjaTIiIHg9IjAiIHk9IjkiLz48cmVjdCBpZD0iaWEiIHg9IjE2IiB5PSIxMCIgaGVpZ2h0PSIyIiB3aWR0aD0iMSIgZmlsbD0iIzIyMiIvPjx1c2UgeGxpbms6aHJlZj0iI2k1IiB4PSI5IiB5PSI5Ii8+PHVzZSB4bGluazpocmVmPSIjaTIiIHg9Ii0xMCIgeT0iMTAiLz48dXNlIHhsaW5rOmhyZWY9IiNpNyIgeD0iLTEyIiB5PSIyIi8+PHVzZSB4bGluazpocmVmPSIjaTUiIHg9IjUiIHk9IjEwIi8+PHVzZSB4bGluazpocmVmPSIjaTMiIHg9IjciIHk9IjkiLz48cmVjdCBpZD0iaTkiIHg9IjIwIiB5PSIxMSIgaGVpZ2h0PSI0IiB3aWR0aD0iMSIgZmlsbD0iIzIyMiIvPjx1c2UgeGxpbms6aHJlZj0iI2kzIiB4PSItNiIgeT0iMTAiLz48dXNlIHhsaW5rOmhyZWY9IiNpNSIgeD0iLTEiIHk9IjExIi8+PHJlY3QgaWQ9Imk4IiB4PSIxNCIgeT0iMTIiIGhlaWdodD0iNSIgd2lkdGg9IjEiIGZpbGw9IiMyMjIiLz48dXNlIHhsaW5rOmhyZWY9IiNpOCIgeD0iNCIgeT0iMCIvPjx1c2UgeGxpbms6aHJlZj0iI2kzIiB4PSItOCIgeT0iMTEiLz48dXNlIHhsaW5rOmhyZWY9IiNpMyIgeD0iLTUiIHk9IjExIi8+PHVzZSB4bGluazpocmVmPSIjaTMiIHg9Ii0zIiB5PSIxMSIvPjx1c2UgeGxpbms6aHJlZj0iI2kzIiB4PSIwIiB5PSIxMSIvPjx1c2UgeGxpbms6aHJlZj0iI2kzIiB4PSIyIiB5PSIxMSIvPjx1c2UgeGxpbms6aHJlZj0iI2kzIiB4PSI3IiB5PSIxMSIvPjx1c2UgeGxpbms6aHJlZj0iI2kzIiB4PSItMSIgeT0iMTIiLz48dXNlIHhsaW5rOmhyZWY9IiNpMyIgeD0iNiIgeT0iMTIiLz48dXNlIHhsaW5rOmhyZWY9IiNpMCIgeD0iMCIgeT0iMTQiLz48dXNlIHhsaW5rOmhyZWY9IiNpMiIgeD0iMiIgeT0iMTQiLz48dXNlIHhsaW5rOmhyZWY9IiNpMyIgeD0iNyIgeT0iMTMiLz48dXNlIHhsaW5rOmhyZWY9IiNpMiIgeD0iNiIgeT0iMTQiLz48dXNlIHhsaW5rOmhyZWY9IiNpMSIgeD0iMCIgeT0iMTQiLz48dXNlIHhsaW5rOmhyZWY9IiNpMSIgeD0iNiIgeT0iMTQiLz48dXNlIHhsaW5rOmhyZWY9IiNpMiIgeD0iLTMiIHk9IjE1Ii8+PHVzZSB4bGluazpocmVmPSIjaTUiIHg9IjMiIHk9IjE1Ii8+PHVzZSB4bGluazpocmVmPSIjaTQiIHg9IjAiIHk9IjE0Ii8+PHVzZSB4bGluazpocmVmPSIjaTUiIHg9IjIiIHk9IjE2Ii8+PHVzZSB4bGluazpocmVmPSIjaTUiIHg9IjExIiB5PSIxNiIvPjx1c2UgeGxpbms6aHJlZj0iI2k5IiB4PSItMTEiIHk9IjciLz48dXNlIHhsaW5rOmhyZWY9IiNpYSIgeD0iLTIiIHk9IjgiLz48dXNlIHhsaW5rOmhyZWY9IiNpNSIgeD0iOCIgeT0iMTciLz48dXNlIHhsaW5rOmhyZWY9IiNpMyIgeD0iMTAiIHk9IjE2Ii8+PHJlY3QgeD0iMTEiIHk9IjE5IiBoZWlnaHQ9IjIiIHdpZHRoPSIyIiBmaWxsPSIjMjIyIi8+PHVzZSB4bGluazpocmVmPSIjaWEiIHg9IjEiIHk9IjkiLz48dXNlIHhsaW5rOmhyZWY9IiNpMyIgeD0iOSIgeT0iMTciLz48dXNlIHhsaW5rOmhyZWY9IiNpYSIgeD0iLTYiIHk9IjEwIi8+PHVzZSB4bGluazpocmVmPSIjaWEiIHg9Ii0zIiB5PSIxMCIvPjx1c2UgeGxpbms6aHJlZj0iI2kzIiB4PSI1IiB5PSIxOCIvPjx1c2UgeGxpbms6aHJlZj0iI2kzIiB4PSI4IiB5PSIxOCIvPjx1c2UgeGxpbms6aHJlZj0iI2kzIiB4PSIxMSIgeT0iMTgiLz48dXNlIHhsaW5rOmhyZWY9IiNpNiIgeD0iMCIgeT0iMTQiLz48dXNlIHhsaW5rOmhyZWY9IiNpMyIgeD0iMiIgeT0iMTkiLz48dXNlIHhsaW5rOmhyZWY9IiNpMyIgeD0iNiIgeT0iMTkiLz48L3N2Zz4="`;

exports[`QRCodeSVG > toDataUrl > should return cached QR code dataUrl 1`] =
  `"data:image/svg+xml;base64,<svg><qrcode /></svg>"`;

exports[`QRCodeSVG > toString > should create QR code and return SVG 1`] =
  `"<svg xmlns=\\"http://www.w3.org/2000/svg\\" xmlns:xlink=\\"http://www.w3.org/1999/xlink\\" version=\\"1.1\\" shape-rendering=\\"crispEdges\\" viewBox=\\"0 0 23 23\\" ><rect x=\\"0\\" y=\\"0\\" height=\\"23\\" width=\\"23\\" fill=\\"#DDD\\"/><rect x=\\"1\\" y=\\"1\\" height=\\"1\\" width=\\"7\\" fill=\\"#222\\"/><rect x=\\"9\\" y=\\"1\\" height=\\"1\\" width=\\"2\\" fill=\\"#222\\"/><rect x=\\"13\\" y=\\"1\\" height=\\"3\\" width=\\"1\\" fill=\\"#222\\"/><rect x=\\"15\\" y=\\"1\\" height=\\"1\\" width=\\"7\\" fill=\\"#222\\"/><rect x=\\"1\\" y=\\"2\\" height=\\"6\\" width=\\"1\\" fill=\\"#222\\"/><rect x=\\"7\\" y=\\"2\\" height=\\"6\\" width=\\"1\\" fill=\\"#222\\"/><rect x=\\"10\\" y=\\"2\\" height=\\"1\\" width=\\"1\\" fill=\\"#222\\"/><rect x=\\"15\\" y=\\"2\\" height=\\"6\\" width=\\"1\\" fill=\\"#222\\"/><rect x=\\"21\\" y=\\"2\\" height=\\"6\\" width=\\"1\\" fill=\\"#222\\"/><rect x=\\"3\\" y=\\"3\\" height=\\"3\\" width=\\"3\\" fill=\\"#222\\"/><rect x=\\"9\\" y=\\"3\\" height=\\"3\\" width=\\"1\\" fill=\\"#222\\"/><rect x=\\"11\\" y=\\"3\\" height=\\"1\\" width=\\"1\\" fill=\\"#222\\"/><rect x=\\"17\\" y=\\"3\\" height=\\"3\\" width=\\"3\\" fill=\\"#222\\"/><rect x=\\"12\\" y=\\"4\\" height=\\"1\\" width=\\"1\\" fill=\\"#222\\"/><rect x=\\"10\\" y=\\"5\\" height=\\"1\\" width=\\"2\\" fill=\\"#222\\"/><rect x=\\"2\\" y=\\"7\\" height=\\"1\\" width=\\"5\\" fill=\\"#222\\"/><rect x=\\"9\\" y=\\"7\\" height=\\"1\\" width=\\"1\\" fill=\\"#222\\"/><rect x=\\"11\\" y=\\"7\\" height=\\"9\\" width=\\"1\\" fill=\\"#222\\"/><rect x=\\"13\\" y=\\"7\\" height=\\"1\\" width=\\"1\\" fill=\\"#222\\"/><rect x=\\"16\\" y=\\"7\\" height=\\"1\\" width=\\"5\\" fill=\\"#222\\"/><rect x=\\"10\\" y=\\"8\\" height=\\"1\\" width=\\"1\\" fill=\\"#222\\"/><rect x=\\"1\\" y=\\"9\\" height=\\"1\\" width=\\"4\\" fill=\\"#222\\"/><rect x=\\"7\\" y=\\"9\\" height=\\"1\\" width=\\"1\\" fill=\\"#222\\"/><rect x=\\"9\\" y=\\"9\\" height=\\"1\\" width=\\"1\\" fill=\\"#222\\"/><rect x=\\"14\\" y=\\"9\\" height=\\"1\\" width=\\"1\\" fill=\\"#222\\"/><rect x=\\"17\\" y=\\"9\\" height=\\"1\\" width=\\"3\\" fill=\\"#222\\"/><rect x=\\"21\\" y=\\"9\\" height=\\"3\\" width=\\"1\\" fill=\\"#222\\"/><rect x=\\"1\\" y=\\"10\\" height=\\"3\\" width=\\"1\\" fill=\\"#222\\"/><rect x=\\"4\\" y=\\"10\\" height=\\"1\\" width=\\"3\\" fill=\\"#222\\"/><rect x=\\"8\\" y=\\"10\\" height=\\"1\\" width=\\"1\\" fill=\\"#222\\"/><rect x=\\"13\\" y=\\"10\\" height=\\"3\\" width=\\"1\\" fill=\\"#222\\"/><rect x=\\"16\\" y=\\"10\\" height=\\"2\\" width=\\"1\\" fill=\\"#222\\"/><rect x=\\"18\\" y=\\"10\\" height=\\"1\\" width=\\"2\\" fill=\\"#222\\"/><rect x=\\"3\\" y=\\"11\\" height=\\"3\\" width=\\"1\\" fill=\\"#222\\"/><rect x=\\"5\\" y=\\"11\\" height=\\"1\\" width=\\"3\\" fill=\\"#222\\"/><rect x=\\"14\\" y=\\"11\\" height=\\"1\\" width=\\"2\\" fill=\\"#222\\"/><rect x=\\"17\\" y=\\"11\\" height=\\"1\\" width=\\"1\\" fill=\\"#222\\"/><rect x=\\"20\\" y=\\"11\\" height=\\"4\\" width=\\"1\\" fill=\\"#222\\"/><rect x=\\"4\\" y=\\"12\\" height=\\"1\\" width=\\"1\\" fill=\\"#222\\"/><rect x=\\"8\\" y=\\"12\\" height=\\"1\\" width=\\"2\\" fill=\\"#222\\"/><rect x=\\"14\\" y=\\"12\\" height=\\"5\\" width=\\"1\\" fill=\\"#222\\"/><rect x=\\"18\\" y=\\"12\\" height=\\"5\\" width=\\"1\\" fill=\\"#222\\"/><rect x=\\"2\\" y=\\"13\\" height=\\"1\\" width=\\"1\\" fill=\\"#222\\"/><rect x=\\"5\\" y=\\"13\\" height=\\"1\\" width=\\"1\\" fill=\\"#222\\"/><rect x=\\"7\\" y=\\"13\\" height=\\"1\\" width=\\"1\\" fill=\\"#222\\"/><rect x=\\"10\\" y=\\"13\\" height=\\"1\\" width=\\"1\\" fill=\\"#222\\"/><rect x=\\"12\\" y=\\"13\\" height=\\"1\\" width=\\"1\\" fill=\\"#222\\"/><rect x=\\"17\\" y=\\"13\\" height=\\"1\\" width=\\"1\\" fill=\\"#222\\"/><rect x=\\"9\\" y=\\"14\\" height=\\"1\\" width=\\"1\\" fill=\\"#222\\"/><rect x=\\"16\\" y=\\"14\\" height=\\"1\\" width=\\"1\\" fill=\\"#222\\"/><rect x=\\"1\\" y=\\"15\\" height=\\"1\\" width=\\"7\\" fill=\\"#222\\"/><rect x=\\"15\\" y=\\"15\\" height=\\"3\\" width=\\"1\\" fill=\\"#222\\"/><rect x=\\"17\\" y=\\"15\\" height=\\"1\\" width=\\"1\\" fill=\\"#222\\"/><rect x=\\"19\\" y=\\"15\\" height=\\"3\\" width=\\"1\\" fill=\\"#222\\"/><rect x=\\"1\\" y=\\"16\\" height=\\"6\\" width=\\"1\\" fill=\\"#222\\"/><rect x=\\"7\\" y=\\"16\\" height=\\"6\\" width=\\"1\\" fill=\\"#222\\"/><rect x=\\"10\\" y=\\"16\\" height=\\"3\\" width=\\"1\\" fill=\\"#222\\"/><rect x=\\"12\\" y=\\"16\\" height=\\"1\\" width=\\"2\\" fill=\\"#222\\"/><rect x=\\"3\\" y=\\"17\\" height=\\"3\\" width=\\"3\\" fill=\\"#222\\"/><rect x=\\"11\\" y=\\"17\\" height=\\"1\\" width=\\"2\\" fill=\\"#222\\"/><rect x=\\"20\\" y=\\"17\\" height=\\"1\\" width=\\"2\\" fill=\\"#222\\"/><rect x=\\"9\\" y=\\"18\\" height=\\"4\\" width=\\"1\\" fill=\\"#222\\"/><rect x=\\"14\\" y=\\"18\\" height=\\"2\\" width=\\"1\\" fill=\\"#222\\"/><rect x=\\"17\\" y=\\"18\\" height=\\"1\\" width=\\"2\\" fill=\\"#222\\"/><rect x=\\"20\\" y=\\"18\\" height=\\"1\\" width=\\"1\\" fill=\\"#222\\"/><rect x=\\"11\\" y=\\"19\\" height=\\"2\\" width=\\"2\\" fill=\\"#222\\"/><rect x=\\"17\\" y=\\"19\\" height=\\"2\\" width=\\"1\\" fill=\\"#222\\"/><rect x=\\"19\\" y=\\"19\\" height=\\"1\\" width=\\"1\\" fill=\\"#222\\"/><rect x=\\"10\\" y=\\"20\\" height=\\"2\\" width=\\"1\\" fill=\\"#222\\"/><rect x=\\"13\\" y=\\"20\\" height=\\"2\\" width=\\"1\\" fill=\\"#222\\"/><rect x=\\"15\\" y=\\"20\\" height=\\"1\\" width=\\"1\\" fill=\\"#222\\"/><rect x=\\"18\\" y=\\"20\\" height=\\"1\\" width=\\"1\\" fill=\\"#222\\"/><rect x=\\"21\\" y=\\"20\\" height=\\"1\\" width=\\"1\\" fill=\\"#222\\"/><rect x=\\"2\\" y=\\"21\\" height=\\"1\\" width=\\"5\\" fill=\\"#222\\"/><rect x=\\"12\\" y=\\"21\\" height=\\"1\\" width=\\"1\\" fill=\\"#222\\"/><rect x=\\"16\\" y=\\"21\\" height=\\"1\\" width=\\"1\\" fill=\\"#222\\"/></svg>"`;
